<?xml version="1.0" encoding="UTF-8"?>
<testsuites name="jest tests" tests="1" failures="1" time="11.45">
  <testsuite name="undefined" errors="0" failures="1" skipped="0" timestamp="2019-02-15T11:13:48" time="3.886" tests="1">
    <testcase classname=" adds 2 + 2" name=" adds 2 + 2" time="0.055">
      <failure>Error: expect(received).toBe(expected) // Object.is equality

Expected: 5
Received: 4
    at Object.toBe (/Volumes/data/Navdeep/jenkinstest/src/sum.test.js:4:21)
    at Object.asyncJestTest (/Volumes/data/Navdeep/jenkinstest/node_modules/jest-jasmine2/build/jasmine_async.js:108:37)
    at resolve (/Volumes/data/Navdeep/jenkinstest/node_modules/jest-jasmine2/build/queue_runner.js:56:12)
    at new Promise (&lt;anonymous&gt;)
    at mapper (/Volumes/data/Navdeep/jenkinstest/node_modules/jest-jasmine2/build/queue_runner.js:43:19)
    at promise.then (/Volumes/data/Navdeep/jenkinstest/node_modules/jest-jasmine2/build/queue_runner.js:87:41)
    at &lt;anonymous&gt;
    at process._tickCallback (internal/process/next_tick.js:188:7)</failure>
    </testcase>
  </testsuite>
</testsuites>